// Jest Snapshot v1, https://goo.gl/fbAQLP

exports[`em renders with accessKey="a,b,c,d" 1`] = `
<em
  accessKey="a,b,c,d"
/>
`;

exports[`em renders with autoCapitalize="characters" 1`] = `
<em
  autoCapitalize="characters"
/>
`;

exports[`em renders with autoCapitalize="none" 1`] = `
<em
  autoCapitalize="none"
/>
`;

exports[`em renders with autoCapitalize="off" 1`] = `
<em
  autoCapitalize="off"
/>
`;

exports[`em renders with autoCapitalize="on" 1`] = `
<em
  autoCapitalize="on"
/>
`;

exports[`em renders with autoCapitalize="sentences" 1`] = `
<em
  autoCapitalize="sentences"
/>
`;

exports[`em renders with autoCapitalize="words" 1`] = `
<em
  autoCapitalize="words"
/>
`;

exports[`em renders with children 1`] = `
<em>
  TEST
</em>
`;

exports[`em renders with className="foo bar baz" 1`] = `
<em
  className="foo bar baz"
/>
`;

exports[`em renders with contentEditable="false" 1`] = `
<em
  contentEditable="false"
/>
`;

exports[`em renders with contentEditable="true" 1`] = `
<em
  contentEditable="true"
/>
`;

exports[`em renders with dir="auto" 1`] = `
<em
  dir="auto"
/>
`;

exports[`em renders with dir="ltr" 1`] = `
<em
  dir="ltr"
/>
`;

exports[`em renders with dir="rtl" 1`] = `
<em
  dir="rtl"
/>
`;

exports[`em renders with draggable="false" 1`] = `
<em
  draggable="false"
/>
`;

exports[`em renders with draggable="true" 1`] = `
<em
  draggable="true"
/>
`;

exports[`em renders with empty attributes 1`] = `<em />`;

exports[`em renders with hidden="false" 1`] = `
<em
  hidden={false}
/>
`;

exports[`em renders with hidden="true" 1`] = `
<em
  hidden={true}
/>
`;

exports[`em renders with id="TEST" 1`] = `
<em
  id="TEST"
/>
`;

exports[`em renders with inputMode="decimal" 1`] = `
<em
  inputMode="decimal"
/>
`;

exports[`em renders with inputMode="email" 1`] = `
<em
  inputMode="email"
/>
`;

exports[`em renders with inputMode="none" 1`] = `
<em
  inputMode="none"
/>
`;

exports[`em renders with inputMode="numeric" 1`] = `
<em
  inputMode="numeric"
/>
`;

exports[`em renders with inputMode="search" 1`] = `
<em
  inputMode="search"
/>
`;

exports[`em renders with inputMode="tel" 1`] = `
<em
  inputMode="tel"
/>
`;

exports[`em renders with inputMode="text" 1`] = `
<em
  inputMode="text"
/>
`;

exports[`em renders with inputMode="url" 1`] = `
<em
  inputMode="url"
/>
`;

exports[`em renders with is="foo" 1`] = `
<em
  is="foo"
/>
`;

exports[`em renders with itemID="https://google.com/" 1`] = `
<em
  itemID="https://google.com/"
/>
`;

exports[`em renders with itemProp="https://google.com/" 1`] = `
<em
  itemProp="https://google.com/"
/>
`;

exports[`em renders with itemRef="foo bar" 1`] = `
<em
  itemRef="foo bar"
/>
`;

exports[`em renders with itemScope="false" 1`] = `
<em
  itemScope={false}
/>
`;

exports[`em renders with itemScope="true" 1`] = `
<em
  itemScope={true}
/>
`;

exports[`em renders with itemType="https://google.com/" 1`] = `
<em
  itemType="https://google.com/"
/>
`;

exports[`em renders with lang="" 1`] = `
<em
  lang=""
/>
`;

exports[`em renders with lang="es-419" 1`] = `
<em
  lang="es-419"
/>
`;

exports[`em renders with slot="TEST" 1`] = `
<em
  slot="TEST"
/>
`;

exports[`em renders with spellCheck="false" 1`] = `
<em
  spellCheck="false"
/>
`;

exports[`em renders with spellCheck="true" 1`] = `
<em
  spellCheck="true"
/>
`;

exports[`em renders with style="[object Object]" 1`] = `
<em
  style={
    Object {
      "color": "#000000",
    }
  }
/>
`;

exports[`em renders with tabIndex="1" 1`] = `
<em
  tabIndex={1}
/>
`;

exports[`em renders with title="TEST" 1`] = `
<em
  title="TEST"
/>
`;

exports[`em renders with translate="no" 1`] = `
<em
  translate="no"
/>
`;

exports[`em renders with translate="yes" 1`] = `
<em
  translate="yes"
/>
`;

exports[`em renders without attributes 1`] = `<em />`;
