// Jest Snapshot v1, https://goo.gl/fbAQLP

exports[`li renders arrays of children 1`] = `
<li>
  TEST
  TEST
  TEST
  TEST
  TEST
  TEST
  TEST
  TEST
  TEST
  TEST
</li>
`;

exports[`li renders with accessKey="a,b,c,d" 1`] = `
<li
  accessKey="a,b,c,d"
/>
`;

exports[`li renders with autoCapitalize="characters" 1`] = `
<li
  autoCapitalize="characters"
/>
`;

exports[`li renders with autoCapitalize="none" 1`] = `
<li
  autoCapitalize="none"
/>
`;

exports[`li renders with autoCapitalize="off" 1`] = `
<li
  autoCapitalize="off"
/>
`;

exports[`li renders with autoCapitalize="on" 1`] = `
<li
  autoCapitalize="on"
/>
`;

exports[`li renders with autoCapitalize="sentences" 1`] = `
<li
  autoCapitalize="sentences"
/>
`;

exports[`li renders with autoCapitalize="words" 1`] = `
<li
  autoCapitalize="words"
/>
`;

exports[`li renders with children 1`] = `
<li>
  TEST
</li>
`;

exports[`li renders with className="foo bar baz" 1`] = `
<li
  className="foo bar baz"
/>
`;

exports[`li renders with contentEditable="false" 1`] = `
<li
  contentEditable="false"
/>
`;

exports[`li renders with contentEditable="true" 1`] = `
<li
  contentEditable="true"
/>
`;

exports[`li renders with dir="auto" 1`] = `
<li
  dir="auto"
/>
`;

exports[`li renders with dir="ltr" 1`] = `
<li
  dir="ltr"
/>
`;

exports[`li renders with dir="rtl" 1`] = `
<li
  dir="rtl"
/>
`;

exports[`li renders with draggable="false" 1`] = `
<li
  draggable="false"
/>
`;

exports[`li renders with draggable="true" 1`] = `
<li
  draggable="true"
/>
`;

exports[`li renders with empty attributes 1`] = `<li />`;

exports[`li renders with hidden=false 1`] = `
<li
  hidden={false}
/>
`;

exports[`li renders with hidden=true 1`] = `
<li
  hidden={true}
/>
`;

exports[`li renders with id="TEST" 1`] = `
<li
  id="TEST"
/>
`;

exports[`li renders with inputMode="decimal" 1`] = `
<li
  inputMode="decimal"
/>
`;

exports[`li renders with inputMode="email" 1`] = `
<li
  inputMode="email"
/>
`;

exports[`li renders with inputMode="none" 1`] = `
<li
  inputMode="none"
/>
`;

exports[`li renders with inputMode="numeric" 1`] = `
<li
  inputMode="numeric"
/>
`;

exports[`li renders with inputMode="search" 1`] = `
<li
  inputMode="search"
/>
`;

exports[`li renders with inputMode="tel" 1`] = `
<li
  inputMode="tel"
/>
`;

exports[`li renders with inputMode="text" 1`] = `
<li
  inputMode="text"
/>
`;

exports[`li renders with inputMode="url" 1`] = `
<li
  inputMode="url"
/>
`;

exports[`li renders with is="foo" 1`] = `
<li
  is="foo"
/>
`;

exports[`li renders with itemID="https://google.com/" 1`] = `
<li
  itemID="https://google.com/"
/>
`;

exports[`li renders with itemProp="https://google.com/" 1`] = `
<li
  itemProp="https://google.com/"
/>
`;

exports[`li renders with itemRef="foo bar" 1`] = `
<li
  itemRef="foo bar"
/>
`;

exports[`li renders with itemScope=false 1`] = `
<li
  itemScope={false}
/>
`;

exports[`li renders with itemScope=true 1`] = `
<li
  itemScope={true}
/>
`;

exports[`li renders with itemType="https://google.com/" 1`] = `
<li
  itemType="https://google.com/"
/>
`;

exports[`li renders with lang="" 1`] = `
<li
  lang=""
/>
`;

exports[`li renders with lang="es-419" 1`] = `
<li
  lang="es-419"
/>
`;

exports[`li renders with slot="TEST" 1`] = `
<li
  slot="TEST"
/>
`;

exports[`li renders with spellCheck="false" 1`] = `
<li
  spellCheck="false"
/>
`;

exports[`li renders with spellCheck="true" 1`] = `
<li
  spellCheck="true"
/>
`;

exports[`li renders with style={"color":"#000000"} 1`] = `
<li
  style={
    Object {
      "color": "#000000",
    }
  }
/>
`;

exports[`li renders with tabIndex=1 1`] = `
<li
  tabIndex={1}
/>
`;

exports[`li renders with title="TEST" 1`] = `
<li
  title="TEST"
/>
`;

exports[`li renders with translate="no" 1`] = `
<li
  translate="no"
/>
`;

exports[`li renders with translate="yes" 1`] = `
<li
  translate="yes"
/>
`;

exports[`li renders with value=1 1`] = `
<li
  value={1}
/>
`;

exports[`li renders without attributes 1`] = `<li />`;
