// Jest Snapshot v1, https://goo.gl/fbAQLP

exports[`td renders arrays of children 1`] = `
<td>
  TEST
  TEST
  TEST
  TEST
  TEST
  TEST
  TEST
  TEST
  TEST
  TEST
</td>
`;

exports[`td renders with accessKey="a,b,c,d" 1`] = `
<td
  accessKey="a,b,c,d"
/>
`;

exports[`td renders with autoCapitalize="characters" 1`] = `
<td
  autoCapitalize="characters"
/>
`;

exports[`td renders with autoCapitalize="none" 1`] = `
<td
  autoCapitalize="none"
/>
`;

exports[`td renders with autoCapitalize="off" 1`] = `
<td
  autoCapitalize="off"
/>
`;

exports[`td renders with autoCapitalize="on" 1`] = `
<td
  autoCapitalize="on"
/>
`;

exports[`td renders with autoCapitalize="sentences" 1`] = `
<td
  autoCapitalize="sentences"
/>
`;

exports[`td renders with autoCapitalize="words" 1`] = `
<td
  autoCapitalize="words"
/>
`;

exports[`td renders with children 1`] = `
<td>
  TEST
</td>
`;

exports[`td renders with className="foo bar baz" 1`] = `
<td
  className="foo bar baz"
/>
`;

exports[`td renders with colSpan=1 1`] = `
<td
  colSpan={1}
/>
`;

exports[`td renders with contentEditable="false" 1`] = `
<td
  contentEditable="false"
/>
`;

exports[`td renders with contentEditable="true" 1`] = `
<td
  contentEditable="true"
/>
`;

exports[`td renders with dir="auto" 1`] = `
<td
  dir="auto"
/>
`;

exports[`td renders with dir="ltr" 1`] = `
<td
  dir="ltr"
/>
`;

exports[`td renders with dir="rtl" 1`] = `
<td
  dir="rtl"
/>
`;

exports[`td renders with draggable="false" 1`] = `
<td
  draggable="false"
/>
`;

exports[`td renders with draggable="true" 1`] = `
<td
  draggable="true"
/>
`;

exports[`td renders with empty attributes 1`] = `<td />`;

exports[`td renders with headers="foo bar" 1`] = `
<td
  headers="foo bar"
/>
`;

exports[`td renders with hidden=false 1`] = `
<td
  hidden={false}
/>
`;

exports[`td renders with hidden=true 1`] = `
<td
  hidden={true}
/>
`;

exports[`td renders with id="TEST" 1`] = `
<td
  id="TEST"
/>
`;

exports[`td renders with inputMode="decimal" 1`] = `
<td
  inputMode="decimal"
/>
`;

exports[`td renders with inputMode="email" 1`] = `
<td
  inputMode="email"
/>
`;

exports[`td renders with inputMode="none" 1`] = `
<td
  inputMode="none"
/>
`;

exports[`td renders with inputMode="numeric" 1`] = `
<td
  inputMode="numeric"
/>
`;

exports[`td renders with inputMode="search" 1`] = `
<td
  inputMode="search"
/>
`;

exports[`td renders with inputMode="tel" 1`] = `
<td
  inputMode="tel"
/>
`;

exports[`td renders with inputMode="text" 1`] = `
<td
  inputMode="text"
/>
`;

exports[`td renders with inputMode="url" 1`] = `
<td
  inputMode="url"
/>
`;

exports[`td renders with is="foo" 1`] = `
<td
  is="foo"
/>
`;

exports[`td renders with itemID="https://google.com/" 1`] = `
<td
  itemID="https://google.com/"
/>
`;

exports[`td renders with itemProp="https://google.com/" 1`] = `
<td
  itemProp="https://google.com/"
/>
`;

exports[`td renders with itemRef="foo bar" 1`] = `
<td
  itemRef="foo bar"
/>
`;

exports[`td renders with itemScope=false 1`] = `
<td
  itemScope={false}
/>
`;

exports[`td renders with itemScope=true 1`] = `
<td
  itemScope={true}
/>
`;

exports[`td renders with itemType="https://google.com/" 1`] = `
<td
  itemType="https://google.com/"
/>
`;

exports[`td renders with lang="" 1`] = `
<td
  lang=""
/>
`;

exports[`td renders with lang="es-419" 1`] = `
<td
  lang="es-419"
/>
`;

exports[`td renders with rowSpan=1 1`] = `
<td
  rowSpan={1}
/>
`;

exports[`td renders with slot="TEST" 1`] = `
<td
  slot="TEST"
/>
`;

exports[`td renders with spellCheck="false" 1`] = `
<td
  spellCheck="false"
/>
`;

exports[`td renders with spellCheck="true" 1`] = `
<td
  spellCheck="true"
/>
`;

exports[`td renders with style={"color":"#000000"} 1`] = `
<td
  style={
    Object {
      "color": "#000000",
    }
  }
/>
`;

exports[`td renders with tabIndex=1 1`] = `
<td
  tabIndex={1}
/>
`;

exports[`td renders with title="TEST" 1`] = `
<td
  title="TEST"
/>
`;

exports[`td renders with translate="no" 1`] = `
<td
  translate="no"
/>
`;

exports[`td renders with translate="yes" 1`] = `
<td
  translate="yes"
/>
`;

exports[`td renders without attributes 1`] = `<td />`;
